// Vitest Snapshot v1, https://vitest.dev/guide/snapshot.html

exports[`CommunityRequestPage Validation > matches snapshot 1`] = `<DocumentFragment />`;
